43
/home/manahu/Music/Elijah_K - Aura of You.mp3
/home/manahu/Music/Ketsa - Bright Dawns.mp3
/home/manahu/Music/Pamela Yuen - My Still Night, My Starry Night.mp3
/home/manahu/Music/Pamela Yuen - New Meaning.mp3
/home/manahu/Music/Pumpupthemind - Mellowed Melodies.mp3
/home/manahu/Music/Sound Of Freedom - Blues Electric Guitar.mp3.mp3
/home/manahu/Music/Sound Of Freedom - Electric Guitar Mood.mp3.mp3
/home/manahu/Music/Sound Of Freedom - Electric Guitar Mood.mp3.mp3
/home/manahu/Music/YuraSoop - Jazz Lo Fi Beat.mp3.mp3
/home/manahu/Music/YuraSoop - Rain Window Vibe.mp3.mp3
/home/manahu/Music/Elijah_K - Aura of You.mp3
/home/manahu/Music/Sound Of Freedom - Electric Guitar Mood.mp3.mp3
/home/manahu/Music/YuraSoop - Jazz Lo Fi Beat.mp3.mp3
/home/manahu/Music/YuraSoop - Rain Window Vibe.mp3.mp3
/home/manahu/Music/Sound Of Freedom - Blues Electric Guitar.mp3.mp3
/home/manahu/Music/Pumpupthemind - Mellowed Melodies.mp3
/home/manahu/Music/Pamela Yuen - New Meaning.mp3
/home/manahu/Music/Pamela Yuen - New Meaning.mp3
/home/manahu/Music/Pamela Yuen - New Meaning.mp3
/home/manahu/Music/Pamela Yuen - New Meaning.mp3
/home/manahu/Music/Sound Of Freedom - Electric Guitar Mood.mp3.mp3
/home/manahu/Music/Elijah_K - Aura of You.mp3
/home/manahu/Music/Ketsa - Bright Dawns.mp3
/home/manahu/Music/Pamela Yuen - My Still Night, My Starry Night.mp3
/home/manahu/Music/Pamela Yuen - New Meaning.mp3
/home/manahu/Music/Pumpupthemind - Mellowed Melodies.mp3
/home/manahu/Music/Sound Of Freedom - Blues Electric Guitar.mp3.mp3
/home/manahu/Music/Sound Of Freedom - Electric Guitar Mood.mp3.mp3
/home/manahu/Music/YuraSoop - Jazz Lo Fi Beat.mp3.mp3
/home/manahu/Music/YuraSoop - Rain Window Vibe.mp3.mp3
/home/manahu/Music/Elijah_K - Aura of You.mp3
/home/manahu/Music/Ketsa - Bright Dawns.mp3
/home/manahu/Music/Pamela Yuen - My Still Night, My Starry Night.mp3
/home/manahu/Music/Pamela Yuen - New Meaning.mp3
/home/manahu/Music/Pumpupthemind - Mellowed Melodies.mp3
/home/manahu/Music/Sound Of Freedom - Blues Electric Guitar.mp3.mp3
/home/manahu/Music/Sound Of Freedom - Electric Guitar Mood.mp3.mp3
/home/manahu/Music/YuraSoop - Jazz Lo Fi Beat.mp3.mp3
/home/manahu/Music/YuraSoop - Rain Window Vibe.mp3.mp3
/home/manahu/Music/Elijah_K - Aura of You.mp3
/home/manahu/Music/Ketsa - Bright Dawns.mp3
/home/manahu/Music/Pamela Yuen - My Still Night, My Starry Night.mp3
/home/manahu/Music/Pamela Yuen - New Meaning.mp3
/home/manahu/Music/Pumpupthemind - Mellowed Melodies.mp3
/home/manahu/Music/Sound Of Freedom - Blues Electric Guitar.mp3.mp3
/home/manahu/Music/Sound Of Freedom - Electric Guitar Mood.mp3.mp3
/home/manahu/Music/YuraSoop - Jazz Lo Fi Beat.mp3.mp3
/home/manahu/Music/YuraSoop - Rain Window Vibe.mp3.mp3
